D:\Code\RhythmAlign\experiments\r2_target_separation\.venv\Lib\site-packages\torch\jit\_serialization.py:176: FutureWarning: `torch.jit.load` is deprecated. Please switch to `torch.export`.
  warnings.warn(
D:\Code\RhythmAlign\experiments\r2_target_separation\.venv\Lib\site-packages\torch\jit\_serialization.py:176: FutureWarning: `torch.jit.load` is deprecated. Please switch to `torch.export`.
  warnings.warn(
c1_speech_npc_a    raw        ret   +0.0 dB  click   +0.0 dB  coher 0.019  musfr   +0.0  vad 0.00s (mix 0.00s)
c1_speech_npc_a    clapsep    ret   -4.3 dB  click   -0.3 dB  coher 0.017  musfr   -2.6  vad 0.00s (mix 0.00s)
c1_speech_npc_a    audiosep   ret   -4.7 dB  click   -6.0 dB  coher 0.019  musfr   -6.6  vad 0.26s (mix 0.00s)
c1_speech_npc_a    soloaudio  ret  -30.0 dB  click  -25.3 dB  coher 0.003  musfr  -41.5  vad 0.35s (mix 0.00s)
c1_speech_npc_a    specialist ret   -0.6 dB  click   -0.5 dB  coher 0.010  musfr   -0.6  vad 0.00s (mix 0.00s)
c2_speech_npc_b    raw        ret   +0.0 dB  click   +0.0 dB  coher 0.011  musfr   +0.0  vad 0.00s (mix 0.00s)
c2_speech_npc_b    clapsep    ret   -4.0 dB  click   -0.3 dB  coher 0.008  musfr  -13.2  vad 0.03s (mix 0.00s)
c2_speech_npc_b    audiosep   ret   -4.9 dB  click   -1.6 dB  coher 0.008  musfr  -10.7  vad 0.00s (mix 0.00s)
c2_speech_npc_b    soloaudio  ret  -29.4 dB  click  -30.2 dB  coher 0.003  musfr  -92.6  vad 0.03s (mix 0.00s)
c2_speech_npc_b    specialist ret   -0.6 dB  click   -0.3 dB  coher 0.007  musfr   -1.3  vad 0.00s (mix 0.00s)
c3_taiko_prompt    raw        ret   +0.0 dB  click   +0.0 dB  coher 0.017  musfr   +0.0  vad 0.00s (mix 0.00s)
c3_taiko_prompt    clapsep    ret   -4.0 dB  click   -1.1 dB  coher 0.014  musfr  -12.6  vad 0.00s (mix 0.00s)
c3_taiko_prompt    audiosep   ret   -4.4 dB  click   -1.9 dB  coher 0.014  musfr  -11.1  vad 0.03s (mix 0.00s)
c3_taiko_prompt    soloaudio  ret  -23.9 dB  click  -43.5 dB  coher 0.003  musfr  -92.5  vad 0.03s (mix 0.00s)
c3_taiko_prompt    specialist ret   -0.8 dB  click   -0.4 dB  coher 0.012  musfr   -3.3  vad 0.00s (mix 0.00s)
c4_ambience_start  raw        ret   +0.0 dB  click   +0.0 dB  coher nan  musfr   +nan  vad 0.06s (mix 0.06s)
c4_ambience_start  clapsep    ret   -5.1 dB  click   -0.9 dB  coher nan  musfr   +nan  vad 0.03s (mix 0.06s)
c4_ambience_start  soloaudio  ret  -18.1 dB  click   -9.7 dB  coher nan  musfr   +nan  vad 0.00s (mix 0.06s)
c4_ambience_start  specialist ret   -0.1 dB  click   -0.1 dB  coher nan  musfr   +nan  vad 0.03s (mix 0.06s)
c5_announcer_end   raw        ret   +0.0 dB  click   +0.0 dB  coher nan  musfr   +nan  vad 6.50s (mix 6.50s)
c5_announcer_end   clapsep    ret   -3.1 dB  click   -7.5 dB  coher nan  musfr   +nan  vad 1.34s (mix 6.50s)
c5_announcer_end   soloaudio  ret  -39.4 dB  click  -33.2 dB  coher nan  musfr   +nan  vad 0.16s (mix 6.50s)
c5_announcer_end   specialist ret   -5.5 dB  click   -3.8 dB  coher nan  musfr   +nan  vad 6.75s (mix 6.50s)
c6_dense_golden    raw        ret   +0.0 dB  click   +0.0 dB  coher 0.013  musfr   +0.0  vad 0.48s (mix 0.48s)
c6_dense_golden    clapsep    ret   -3.7 dB  click   -0.3 dB  coher 0.008  musfr  -12.6  vad 0.00s (mix 0.48s)
c6_dense_golden    audiosep   ret   -4.8 dB  click   -1.1 dB  coher 0.006  musfr  -24.6  vad 0.00s (mix 0.48s)
c6_dense_golden    soloaudio  ret  -87.2 dB  click  -90.2 dB  coher 0.002  musfr  -94.5  vad 0.00s (mix 0.48s)
c6_dense_golden    specialist ret   -0.8 dB  click   -0.5 dB  coher 0.008  musfr   -1.5  vad 0.10s (mix 0.48s)
c7_weak_taps       raw        ret   +0.0 dB  click   +0.0 dB  coher 0.015  musfr   +0.0  vad 0.00s (mix 0.00s)
c7_weak_taps       clapsep    ret   -5.9 dB  click   -0.7 dB  coher 0.013  musfr   -6.8  vad 0.00s (mix 0.00s)
c7_weak_taps       soloaudio  ret  -89.6 dB  click  -86.5 dB  coher 0.004  musfr  -98.9  vad 0.00s (mix 0.00s)
c7_weak_taps       specialist ret   -0.7 dB  click   -0.5 dB  coher 0.009  musfr   -0.9  vad 0.00s (mix 0.00s)
c8_slide_friction  raw        ret   +0.0 dB  click   +0.0 dB  coher 0.018  musfr   +0.0  vad 0.00s (mix 0.00s)
c8_slide_friction  clapsep    ret   -4.1 dB  click   -0.3 dB  coher 0.018  musfr   -1.5  vad 0.00s (mix 0.00s)
c8_slide_friction  soloaudio  ret  -14.2 dB  click  -23.0 dB  coher 0.004  musfr  -99.9  vad 0.06s (mix 0.00s)
c8_slide_friction  specialist ret   -0.8 dB  click   -0.6 dB  coher 0.010  musfr   -1.3  vad 0.00s (mix 0.00s)
saved 09_diagnostics.json
